Archive member included to satisfy reference by file (symbol)

/opt/microchip/xc8/v2.10/avr/bin/../lib/gcc/avr/5.4.0/../../../../avr/lib/avr5/memx-const/libm.a(addsf3.o)
                              build/default/production/mUART.o (__subsf3)
/opt/microchip/xc8/v2.10/avr/bin/../lib/gcc/avr/5.4.0/../../../../avr/lib/avr5/memx-const/libm.a(addsf3x.o)
                              /opt/microchip/xc8/v2.10/avr/bin/../lib/gcc/avr/5.4.0/../../../../avr/lib/avr5/memx-const/libm.a(addsf3.o) (__addsf3x)
/opt/microchip/xc8/v2.10/avr/bin/../lib/gcc/avr/5.4.0/../../../../avr/lib/avr5/memx-const/libm.a(divsf3.o)
                              build/default/production/mUART.o (__divsf3)
/opt/microchip/xc8/v2.10/avr/bin/../lib/gcc/avr/5.4.0/../../../../avr/lib/avr5/memx-const/libm.a(divsf3x.o)
                              /opt/microchip/xc8/v2.10/avr/bin/../lib/gcc/avr/5.4.0/../../../../avr/lib/avr5/memx-const/libm.a(divsf3.o) (__divsf3x)
/opt/microchip/xc8/v2.10/avr/bin/../lib/gcc/avr/5.4.0/../../../../avr/lib/avr5/memx-const/libm.a(fixsfsi.o)
                              build/default/production/mUART.o (__fixsfsi)
/opt/microchip/xc8/v2.10/avr/bin/../lib/gcc/avr/5.4.0/../../../../avr/lib/avr5/memx-const/libm.a(fixunssfsi.o)
                              /opt/microchip/xc8/v2.10/avr/bin/../lib/gcc/avr/5.4.0/../../../../avr/lib/avr5/memx-const/libm.a(fixsfsi.o) (__fixunssfsi)
/opt/microchip/xc8/v2.10/avr/bin/../lib/gcc/avr/5.4.0/../../../../avr/lib/avr5/memx-const/libm.a(floatsisf.o)
                              build/default/production/mUART.o (__floatsisf)
/opt/microchip/xc8/v2.10/avr/bin/../lib/gcc/avr/5.4.0/../../../../avr/lib/avr5/memx-const/libm.a(fp_inf.o)
                              /opt/microchip/xc8/v2.10/avr/bin/../lib/gcc/avr/5.4.0/../../../../avr/lib/avr5/memx-const/libm.a(addsf3x.o) (__fp_inf)
/opt/microchip/xc8/v2.10/avr/bin/../lib/gcc/avr/5.4.0/../../../../avr/lib/avr5/memx-const/libm.a(fp_nan.o)
                              /opt/microchip/xc8/v2.10/avr/bin/../lib/gcc/avr/5.4.0/../../../../avr/lib/avr5/memx-const/libm.a(addsf3x.o) (__fp_nan)
/opt/microchip/xc8/v2.10/avr/bin/../lib/gcc/avr/5.4.0/../../../../avr/lib/avr5/memx-const/libm.a(fp_pscA.o)
                              /opt/microchip/xc8/v2.10/avr/bin/../lib/gcc/avr/5.4.0/../../../../avr/lib/avr5/memx-const/libm.a(addsf3x.o) (__fp_pscA)
/opt/microchip/xc8/v2.10/avr/bin/../lib/gcc/avr/5.4.0/../../../../avr/lib/avr5/memx-const/libm.a(fp_pscB.o)
                              /opt/microchip/xc8/v2.10/avr/bin/../lib/gcc/avr/5.4.0/../../../../avr/lib/avr5/memx-const/libm.a(addsf3x.o) (__fp_pscB)
/opt/microchip/xc8/v2.10/avr/bin/../lib/gcc/avr/5.4.0/../../../../avr/lib/avr5/memx-const/libm.a(fp_round.o)
                              /opt/microchip/xc8/v2.10/avr/bin/../lib/gcc/avr/5.4.0/../../../../avr/lib/avr5/memx-const/libm.a(addsf3.o) (__fp_round)
/opt/microchip/xc8/v2.10/avr/bin/../lib/gcc/avr/5.4.0/../../../../avr/lib/avr5/memx-const/libm.a(fp_split3.o)
                              /opt/microchip/xc8/v2.10/avr/bin/../lib/gcc/avr/5.4.0/../../../../avr/lib/avr5/memx-const/libm.a(addsf3x.o) (__fp_split3)
/opt/microchip/xc8/v2.10/avr/bin/../lib/gcc/avr/5.4.0/../../../../avr/lib/avr5/memx-const/libm.a(fp_zero.o)
                              /opt/microchip/xc8/v2.10/avr/bin/../lib/gcc/avr/5.4.0/../../../../avr/lib/avr5/memx-const/libm.a(addsf3x.o) (__fp_zero)
/opt/microchip/xc8/v2.10/avr/bin/../lib/gcc/avr/5.4.0/avr5/memx-const/libgcc.a(_exit.o)
                              /opt/microchip/mplabx/v5.25/packs/Microchip/ATmega_DFP/2.0.12/gcc/dev/atmega32a/avr5/memx-const/crtatmega32a.o (exit)
/opt/microchip/xc8/v2.10/avr/bin/../lib/gcc/avr/5.4.0/../../../../avr/lib/avr5/memx-const/libc.a(itoa_ncheck.o)
                              build/default/production/mLCD.o (__itoa_ncheck)
/opt/microchip/xc8/v2.10/avr/bin/../lib/gcc/avr/5.4.0/../../../../avr/lib/avr5/memx-const/libc.a(utoa_ncheck.o)
                              /opt/microchip/xc8/v2.10/avr/bin/../lib/gcc/avr/5.4.0/../../../../avr/lib/avr5/memx-const/libc.a(itoa_ncheck.o) (__utoa_common)
/opt/microchip/xc8/v2.10/avr/bin/../lib/gcc/avr/5.4.0/../../../../avr/lib/avr5/memx-const/libc.a(strrev.o)
                              /opt/microchip/xc8/v2.10/avr/bin/../lib/gcc/avr/5.4.0/../../../../avr/lib/avr5/memx-const/libc.a(utoa_ncheck.o) (strrev)

Discarded input sections

 .data          0x00000000        0x0 /opt/microchip/mplabx/v5.25/packs/Microchip/ATmega_DFP/2.0.12/gcc/dev/atmega32a/avr5/memx-const/crtatmega32a.o
 .bss           0x00000000        0x0 /opt/microchip/mplabx/v5.25/packs/Microchip/ATmega_DFP/2.0.12/gcc/dev/atmega32a/avr5/memx-const/crtatmega32a.o
 .text          0x00000000        0x0 build/default/production/main.o
 .data          0x00000000        0x0 build/default/production/main.o
 .bss           0x00000000        0x0 build/default/production/main.o
 .text          0x00000000        0x0 build/default/production/KIT_IO.o
 .data          0x00000000        0x0 build/default/production/KIT_IO.o
 .bss           0x00000000        0x0 build/default/production/KIT_IO.o
 .text.isPressed_BTN0
                0x00000000        0x8 build/default/production/KIT_IO.o
 .text.isPressed_BTN1
                0x00000000        0xc build/default/production/KIT_IO.o
 .text.isPressed_BTN2
                0x00000000        0xc build/default/production/KIT_IO.o
 .text.BTNs_init
                0x00000000        0xa build/default/production/KIT_IO.o
 .text.BUZZER_init
                0x00000000        0x4 build/default/production/KIT_IO.o
 .text.BUZZER_ON
                0x00000000        0x4 build/default/production/KIT_IO.o
 .text.BUZZER_OFF
                0x00000000        0x4 build/default/production/KIT_IO.o
 .text.RELAY_init
                0x00000000        0x4 build/default/production/KIT_IO.o
 .text.RELAY_ON
                0x00000000        0x4 build/default/production/KIT_IO.o
 .text.RELAY_OFF
                0x00000000        0x4 build/default/production/KIT_IO.o
 .text.LEDs_init
                0x00000000        0xa build/default/production/KIT_IO.o
 .text.LED0_ON  0x00000000        0x4 build/default/production/KIT_IO.o
 .text.LED1_ON  0x00000000        0x4 build/default/production/KIT_IO.o
 .text.LED2_ON  0x00000000        0x4 build/default/production/KIT_IO.o
 .text.LED0_OFF
                0x00000000        0x4 build/default/production/KIT_IO.o
 .text.LED1_OFF
                0x00000000        0x4 build/default/production/KIT_IO.o
 .text.LED2_OFF
                0x00000000        0x4 build/default/production/KIT_IO.o
 .text.LEDs_OFF
                0x00000000        0xe build/default/production/KIT_IO.o
 .text.LEDs_ON  0x00000000        0xe build/default/production/KIT_IO.o
 .text.LED0_TOGGLE
                0x00000000        0xa build/default/production/KIT_IO.o
 .text.LED1_TOGGLE
                0x00000000        0xa build/default/production/KIT_IO.o
 .text.LED2_TOGGLE
                0x00000000        0xa build/default/production/KIT_IO.o
 .debug_info    0x00000000      0x481 build/default/production/KIT_IO.o
 .debug_abbrev  0x00000000       0x7f build/default/production/KIT_IO.o
 .debug_aranges
                0x00000000       0xc8 build/default/production/KIT_IO.o
 .debug_ranges  0x00000000       0xb8 build/default/production/KIT_IO.o
 .debug_line    0x00000000      0x27d build/default/production/KIT_IO.o
 .debug_str     0x00000000        0x0 build/default/production/KIT_IO.o
 .comment       0x00000000       0x30 build/default/production/KIT_IO.o
 .debug_frame   0x00000000      0x174 build/default/production/KIT_IO.o
 .text          0x00000000        0x0 build/default/production/EXTERNAL_INTERRUPTS.o
 .data          0x00000000        0x0 build/default/production/EXTERNAL_INTERRUPTS.o
 .bss           0x00000000        0x0 build/default/production/EXTERNAL_INTERRUPTS.o
 .text.INT_ENABLE
                0x00000000       0xe0 build/default/production/EXTERNAL_INTERRUPTS.o
 .text.INT_DISABLE
                0x00000000       0x28 build/default/production/EXTERNAL_INTERRUPTS.o
 .debug_info    0x00000000      0x282 build/default/production/EXTERNAL_INTERRUPTS.o
 .debug_abbrev  0x00000000       0x7e build/default/production/EXTERNAL_INTERRUPTS.o
 .debug_loc     0x00000000       0xc4 build/default/production/EXTERNAL_INTERRUPTS.o
 .debug_aranges
                0x00000000       0x28 build/default/production/EXTERNAL_INTERRUPTS.o
 .debug_ranges  0x00000000       0x18 build/default/production/EXTERNAL_INTERRUPTS.o
 .debug_line    0x00000000      0x170 build/default/production/EXTERNAL_INTERRUPTS.o
 .debug_str     0x00000000        0x9 build/default/production/EXTERNAL_INTERRUPTS.o
 .comment       0x00000000       0x30 build/default/production/EXTERNAL_INTERRUPTS.o
 .debug_frame   0x00000000       0x34 build/default/production/EXTERNAL_INTERRUPTS.o
 .text          0x00000000        0x0 build/default/production/mLCD.o
 .data          0x00000000        0x0 build/default/production/mLCD.o
 .bss           0x00000000        0x0 build/default/production/mLCD.o
 .text.LCD_cmd  0x00000000       0x1c build/default/production/mLCD.o
 .text.LCD_cmd_4bits
                0x00000000       0x58 build/default/production/mLCD.o
 .text.LCD_write_4bits
                0x00000000       0x58 build/default/production/mLCD.o
 .text.LCD_init
                0x00000000       0x7a build/default/production/mLCD.o
 .text.LCD_write
                0x00000000       0x16 build/default/production/mLCD.o
 .text.LCD_clear
                0x00000000       0x20 build/default/production/mLCD.o
 .text.LCD_clear_4bits
                0x00000000       0x20 build/default/production/mLCD.o
 .text.LCD_write_str
                0x00000000       0x1e build/default/production/mLCD.o
 .text.LCD_write_str_4bits
                0x00000000       0x1e build/default/production/mLCD.o
 .text.LCD_write_num
                0x00000000       0x3a build/default/production/mLCD.o
 .text.LCD_write_num_4bits
                0x00000000       0x3a build/default/production/mLCD.o
 .text.LCD_goto_line1
                0x00000000        0x8 build/default/production/mLCD.o
 .text.LCD_goto_line2
                0x00000000        0x8 build/default/production/mLCD.o
 .text.LCD_goto_line1_4bits
                0x00000000        0x8 build/default/production/mLCD.o
 .text.LCD_goto_line2_4bits
                0x00000000        0x8 build/default/production/mLCD.o
 .text.LCD_goto_xy
                0x00000000       0x28 build/default/production/mLCD.o
 .text.LCD_goto_xy_4bits
                0x00000000       0x28 build/default/production/mLCD.o
 .debug_info    0x00000000      0xc9e build/default/production/mLCD.o
 .debug_abbrev  0x00000000      0x20e build/default/production/mLCD.o
 .debug_loc     0x00000000      0x85e build/default/production/mLCD.o
 .debug_aranges
                0x00000000       0xa0 build/default/production/mLCD.o
 .debug_ranges  0x00000000       0x90 build/default/production/mLCD.o
 .debug_line    0x00000000      0x457 build/default/production/mLCD.o
 .debug_str     0x00000000       0x3e build/default/production/mLCD.o
 .comment       0x00000000       0x30 build/default/production/mLCD.o
 .debug_frame   0x00000000      0x15c build/default/production/mLCD.o
 .text          0x00000000        0x0 build/default/production/mADC.o
 .data          0x00000000        0x0 build/default/production/mADC.o
 .bss           0x00000000        0x0 build/default/production/mADC.o
 .text.ADC_DISABLE
                0x00000000        0x4 build/default/production/mADC.o
 .text.ADC_READ_L
                0x00000000       0x1a build/default/production/mADC.o
 .text          0x00000000        0x0 build/default/production/Timer.o
 .data          0x00000000        0x0 build/default/production/Timer.o
 .bss           0x00000000        0x0 build/default/production/Timer.o
 .text.Timer0_init
                0x00000000       0x52 build/default/production/Timer.o
 .text.Timer0_OVIE
                0x00000000       0x14 build/default/production/Timer.o
 .text.Timer0_OCIE
                0x00000000       0x14 build/default/production/Timer.o
 .text.Timer0_setMaxPoint
                0x00000000        0x4 build/default/production/Timer.o
 .text.Timer0_setOC0Mode
                0x00000000       0x20 build/default/production/Timer.o
 .debug_info    0x00000000      0x30e build/default/production/Timer.o
 .debug_abbrev  0x00000000       0x7e build/default/production/Timer.o
 .debug_loc     0x00000000      0x154 build/default/production/Timer.o
 .debug_aranges
                0x00000000       0x40 build/default/production/Timer.o
 .debug_ranges  0x00000000       0x30 build/default/production/Timer.o
 .debug_line    0x00000000      0x132 build/default/production/Timer.o
 .debug_str     0x00000000        0x0 build/default/production/Timer.o
 .comment       0x00000000       0x30 build/default/production/Timer.o
 .debug_frame   0x00000000       0x64 build/default/production/Timer.o
 .text          0x00000000        0x0 build/default/production/mUART.o
 .data          0x00000000        0x0 build/default/production/mUART.o
 .bss           0x00000000        0x0 build/default/production/mUART.o
 .text.UART_receive
                0x00000000        0x8 build/default/production/mUART.o
 .text          0x00000000        0x0 /opt/microchip/xc8/v2.10/avr/bin/../lib/gcc/avr/5.4.0/../../../../avr/lib/avr5/memx-const/libm.a(addsf3.o)
 .data          0x00000000        0x0 /opt/microchip/xc8/v2.10/avr/bin/../lib/gcc/avr/5.4.0/../../../../avr/lib/avr5/memx-const/libm.a(addsf3.o)
 .bss           0x00000000        0x0 /opt/microchip/xc8/v2.10/avr/bin/../lib/gcc/avr/5.4.0/../../../../avr/lib/avr5/memx-const/libm.a(addsf3.o)
 .text          0x00000000        0x0 /opt/microchip/xc8/v2.10/avr/bin/../lib/gcc/avr/5.4.0/../../../../avr/lib/avr5/memx-const/libm.a(addsf3x.o)
 .data          0x00000000        0x0 /opt/microchip/xc8/v2.10/avr/bin/../lib/gcc/avr/5.4.0/../../../../avr/lib/avr5/memx-const/libm.a(addsf3x.o)
 .bss           0x00000000        0x0 /opt/microchip/xc8/v2.10/avr/bin/../lib/gcc/avr/5.4.0/../../../../avr/lib/avr5/memx-const/libm.a(addsf3x.o)
 .text          0x00000000        0x0 /opt/microchip/xc8/v2.10/avr/bin/../lib/gcc/avr/5.4.0/../../../../avr/lib/avr5/memx-const/libm.a(divsf3.o)
 .data          0x00000000        0x0 /opt/microchip/xc8/v2.10/avr/bin/../lib/gcc/avr/5.4.0/../../../../avr/lib/avr5/memx-const/libm.a(divsf3.o)
 .bss           0x00000000        0x0 /opt/microchip/xc8/v2.10/avr/bin/../lib/gcc/avr/5.4.0/../../../../avr/lib/avr5/memx-const/libm.a(divsf3.o)
 .text          0x00000000        0x0 /opt/microchip/xc8/v2.10/avr/bin/../lib/gcc/avr/5.4.0/../../../../avr/lib/avr5/memx-const/libm.a(divsf3x.o)
 .data          0x00000000        0x0 /opt/microchip/xc8/v2.10/avr/bin/../lib/gcc/avr/5.4.0/../../../../avr/lib/avr5/memx-const/libm.a(divsf3x.o)
 .bss           0x00000000        0x0 /opt/microchip/xc8/v2.10/avr/bin/../lib/gcc/avr/5.4.0/../../../../avr/lib/avr5/memx-const/libm.a(divsf3x.o)
 .text          0x00000000        0x0 /opt/microchip/xc8/v2.10/avr/bin/../lib/gcc/avr/5.4.0/../../../../avr/lib/avr5/memx-const/libm.a(fixsfsi.o)
 .data          0x00000000        0x0 /opt/microchip/xc8/v2.10/avr/bin/../lib/gcc/avr/5.4.0/../../../../avr/lib/avr5/memx-const/libm.a(fixsfsi.o)
 .bss           0x00000000        0x0 /opt/microchip/xc8/v2.10/avr/bin/../lib/gcc/avr/5.4.0/../../../../avr/lib/avr5/memx-const/libm.a(fixsfsi.o)
 .text          0x00000000        0x0 /opt/microchip/xc8/v2.10/avr/bin/../lib/gcc/avr/5.4.0/../../../../avr/lib/avr5/memx-const/libm.a(fixunssfsi.o)
 .data          0x00000000        0x0 /opt/microchip/xc8/v2.10/avr/bin/../lib/gcc/avr/5.4.0/../../../../avr/lib/avr5/memx-const/libm.a(fixunssfsi.o)
 .bss           0x00000000        0x0 /opt/microchip/xc8/v2.10/avr/bin/../lib/gcc/avr/5.4.0/../../../../avr/lib/avr5/memx-const/libm.a(fixunssfsi.o)
 .text          0x00000000        0x0 /opt/microchip/xc8/v2.10/avr/bin/../lib/gcc/avr/5.4.0/../../../../avr/lib/avr5/memx-const/libm.a(floatsisf.o)
 .data          0x00000000        0x0 /opt/microchip/xc8/v2.10/avr/bin/../lib/gcc/avr/5.4.0/../../../../avr/lib/avr5/memx-const/libm.a(floatsisf.o)
 .bss           0x00000000        0x0 /opt/microchip/xc8/v2.10/avr/bin/../lib/gcc/avr/5.4.0/../../../../avr/lib/avr5/memx-const/libm.a(floatsisf.o)
 .text          0x00000000        0x0 /opt/microchip/xc8/v2.10/avr/bin/../lib/gcc/avr/5.4.0/../../../../avr/lib/avr5/memx-const/libm.a(fp_inf.o)
 .data          0x00000000        0x0 /opt/microchip/xc8/v2.10/avr/bin/../lib/gcc/avr/5.4.0/../../../../avr/lib/avr5/memx-const/libm.a(fp_inf.o)
 .bss           0x00000000        0x0 /opt/microchip/xc8/v2.10/avr/bin/../lib/gcc/avr/5.4.0/../../../../avr/lib/avr5/memx-const/libm.a(fp_inf.o)
 .text          0x00000000        0x0 /opt/microchip/xc8/v2.10/avr/bin/../lib/gcc/avr/5.4.0/../../../../avr/lib/avr5/memx-const/libm.a(fp_nan.o)
 .data          0x00000000        0x0 /opt/microchip/xc8/v2.10/avr/bin/../lib/gcc/avr/5.4.0/../../../../avr/lib/avr5/memx-const/libm.a(fp_nan.o)
 .bss           0x00000000        0x0 /opt/microchip/xc8/v2.10/avr/bin/../lib/gcc/avr/5.4.0/../../../../avr/lib/avr5/memx-const/libm.a(fp_nan.o)
 .text          0x00000000        0x0 /opt/microchip/xc8/v2.10/avr/bin/../lib/gcc/avr/5.4.0/../../../../avr/lib/avr5/memx-const/libm.a(fp_pscA.o)
 .data          0x00000000        0x0 /opt/microchip/xc8/v2.10/avr/bin/../lib/gcc/avr/5.4.0/../../../../avr/lib/avr5/memx-const/libm.a(fp_pscA.o)
 .bss           0x00000000        0x0 /opt/microchip/xc8/v2.10/avr/bin/../lib/gcc/avr/5.4.0/../../../../avr/lib/avr5/memx-const/libm.a(fp_pscA.o)
 .text          0x00000000        0x0 /opt/microchip/xc8/v2.10/avr/bin/../lib/gcc/avr/5.4.0/../../../../avr/lib/avr5/memx-const/libm.a(fp_pscB.o)
 .data          0x00000000        0x0 /opt/microchip/xc8/v2.10/avr/bin/../lib/gcc/avr/5.4.0/../../../../avr/lib/avr5/memx-const/libm.a(fp_pscB.o)
 .bss           0x00000000        0x0 /opt/microchip/xc8/v2.10/avr/bin/../lib/gcc/avr/5.4.0/../../../../avr/lib/avr5/memx-const/libm.a(fp_pscB.o)
 .text          0x00000000        0x0 /opt/microchip/xc8/v2.10/avr/bin/../lib/gcc/avr/5.4.0/../../../../avr/lib/avr5/memx-const/libm.a(fp_round.o)
 .data          0x00000000        0x0 /opt/microchip/xc8/v2.10/avr/bin/../lib/gcc/avr/5.4.0/../../../../avr/lib/avr5/memx-const/libm.a(fp_round.o)
 .bss           0x00000000        0x0 /opt/microchip/xc8/v2.10/avr/bin/../lib/gcc/avr/5.4.0/../../../../avr/lib/avr5/memx-const/libm.a(fp_round.o)
 .text          0x00000000        0x0 /opt/microchip/xc8/v2.10/avr/bin/../lib/gcc/avr/5.4.0/../../../../avr/lib/avr5/memx-const/libm.a(fp_split3.o)
 .data          0x00000000        0x0 /opt/microchip/xc8/v2.10/avr/bin/../lib/gcc/avr/5.4.0/../../../../avr/lib/avr5/memx-const/libm.a(fp_split3.o)
 .bss           0x00000000        0x0 /opt/microchip/xc8/v2.10/avr/bin/../lib/gcc/avr/5.4.0/../../../../avr/lib/avr5/memx-const/libm.a(fp_split3.o)
 .text          0x00000000        0x0 /opt/microchip/xc8/v2.10/avr/bin/../lib/gcc/avr/5.4.0/../../../../avr/lib/avr5/memx-const/libm.a(fp_zero.o)
 .data          0x00000000        0x0 /opt/microchip/xc8/v2.10/avr/bin/../lib/gcc/avr/5.4.0/../../../../avr/lib/avr5/memx-const/libm.a(fp_zero.o)
 .bss           0x00000000        0x0 /opt/microchip/xc8/v2.10/avr/bin/../lib/gcc/avr/5.4.0/../../../../avr/lib/avr5/memx-const/libm.a(fp_zero.o)
 .text          0x00000000        0x0 /opt/microchip/xc8/v2.10/avr/bin/../lib/gcc/avr/5.4.0/avr5/memx-const/libgcc.a(_exit.o)
 .data          0x00000000        0x0 /opt/microchip/xc8/v2.10/avr/bin/../lib/gcc/avr/5.4.0/avr5/memx-const/libgcc.a(_exit.o)
 .bss           0x00000000        0x0 /opt/microchip/xc8/v2.10/avr/bin/../lib/gcc/avr/5.4.0/avr5/memx-const/libgcc.a(_exit.o)
 .text.libgcc.mul
                0x00000000        0x0 /opt/microchip/xc8/v2.10/avr/bin/../lib/gcc/avr/5.4.0/avr5/memx-const/libgcc.a(_exit.o)
 .text.libgcc.div
                0x00000000        0x0 /opt/microchip/xc8/v2.10/avr/bin/../lib/gcc/avr/5.4.0/avr5/memx-const/libgcc.a(_exit.o)
 .text.libgcc   0x00000000        0x0 /opt/microchip/xc8/v2.10/avr/bin/../lib/gcc/avr/5.4.0/avr5/memx-const/libgcc.a(_exit.o)
 .text.libgcc.prologue
                0x00000000        0x0 /opt/microchip/xc8/v2.10/avr/bin/../lib/gcc/avr/5.4.0/avr5/memx-const/libgcc.a(_exit.o)
 .text.libgcc.builtins
                0x00000000        0x0 /opt/microchip/xc8/v2.10/avr/bin/../lib/gcc/avr/5.4.0/avr5/memx-const/libgcc.a(_exit.o)
 .text.libgcc.fmul
                0x00000000        0x0 /opt/microchip/xc8/v2.10/avr/bin/../lib/gcc/avr/5.4.0/avr5/memx-const/libgcc.a(_exit.o)
 .text.libgcc.fixed
                0x00000000        0x0 /opt/microchip/xc8/v2.10/avr/bin/../lib/gcc/avr/5.4.0/avr5/memx-const/libgcc.a(_exit.o)
 .text          0x00000000        0x0 /opt/microchip/xc8/v2.10/avr/bin/../lib/gcc/avr/5.4.0/../../../../avr/lib/avr5/memx-const/libc.a(itoa_ncheck.o)
 .data          0x00000000        0x0 /opt/microchip/xc8/v2.10/avr/bin/../lib/gcc/avr/5.4.0/../../../../avr/lib/avr5/memx-const/libc.a(itoa_ncheck.o)
 .bss           0x00000000        0x0 /opt/microchip/xc8/v2.10/avr/bin/../lib/gcc/avr/5.4.0/../../../../avr/lib/avr5/memx-const/libc.a(itoa_ncheck.o)
 .text          0x00000000        0x0 /opt/microchip/xc8/v2.10/avr/bin/../lib/gcc/avr/5.4.0/../../../../avr/lib/avr5/memx-const/libc.a(utoa_ncheck.o)
 .data          0x00000000        0x0 /opt/microchip/xc8/v2.10/avr/bin/../lib/gcc/avr/5.4.0/../../../../avr/lib/avr5/memx-const/libc.a(utoa_ncheck.o)
 .bss           0x00000000        0x0 /opt/microchip/xc8/v2.10/avr/bin/../lib/gcc/avr/5.4.0/../../../../avr/lib/avr5/memx-const/libc.a(utoa_ncheck.o)
 .text          0x00000000        0x0 /opt/microchip/xc8/v2.10/avr/bin/../lib/gcc/avr/5.4.0/../../../../avr/lib/avr5/memx-const/libc.a(strrev.o)
 .data          0x00000000        0x0 /opt/microchip/xc8/v2.10/avr/bin/../lib/gcc/avr/5.4.0/../../../../avr/lib/avr5/memx-const/libc.a(strrev.o)
 .bss           0x00000000        0x0 /opt/microchip/xc8/v2.10/avr/bin/../lib/gcc/avr/5.4.0/../../../../avr/lib/avr5/memx-const/libc.a(strrev.o)

Memory Configuration

Name             Origin             Length             Attributes
text             0x00000000         0x00008000         xr
data             0x00800060         0x00000800         rw !x
eeprom           0x00810000         0x00000400         rw !x
fuse             0x00820000         0x00000002         rw !x
lock             0x00830000         0x00000400         rw !x
signature        0x00840000         0x00000400         rw !x
user_signatures  0x00850000         0x00000400         rw !x
*default*        0x00000000         0xffffffff

Linker script and memory map

LOAD /opt/microchip/mplabx/v5.25/packs/Microchip/ATmega_DFP/2.0.12/gcc/dev/atmega32a/avr5/memx-const/crtatmega32a.o
                0x00000001                __MPLAB_BUILD = 0x1
LOAD build/default/production/main.o
LOAD build/default/production/KIT_IO.o
LOAD build/default/production/EXTERNAL_INTERRUPTS.o
LOAD build/default/production/mLCD.o
LOAD build/default/production/mADC.o
LOAD build/default/production/Timer.o
LOAD build/default/production/mUART.o
START GROUP
LOAD /opt/microchip/xc8/v2.10/avr/bin/../lib/gcc/avr/5.4.0/../../../../avr/lib/avr5/memx-const/libm.a
END GROUP
START GROUP
LOAD /opt/microchip/xc8/v2.10/avr/bin/../lib/gcc/avr/5.4.0/avr5/memx-const/libgcc.a
LOAD /opt/microchip/xc8/v2.10/avr/bin/../lib/gcc/avr/5.4.0/../../../../avr/lib/avr5/memx-const/libm.a
LOAD /opt/microchip/xc8/v2.10/avr/bin/../lib/gcc/avr/5.4.0/../../../../avr/lib/avr5/memx-const/libc.a
LOAD /opt/microchip/mplabx/v5.25/packs/Microchip/ATmega_DFP/2.0.12/gcc/dev/atmega32a/avr5/memx-const/libatmega32a.a
END GROUP
                [0x00000000]                __TEXT_REGION_ORIGIN__ = DEFINED (__TEXT_REGION_ORIGIN__)?__TEXT_REGION_ORIGIN__:0x0
                [0x00800060]                __DATA_REGION_ORIGIN__ = DEFINED (__DATA_REGION_ORIGIN__)?__DATA_REGION_ORIGIN__:0x800060
                [0x00008000]                __TEXT_REGION_LENGTH__ = DEFINED (__TEXT_REGION_LENGTH__)?__TEXT_REGION_LENGTH__:0x20000
                [0x00000800]                __DATA_REGION_LENGTH__ = DEFINED (__DATA_REGION_LENGTH__)?__DATA_REGION_LENGTH__:0xffa0
                [0x00000400]                __EEPROM_REGION_LENGTH__ = DEFINED (__EEPROM_REGION_LENGTH__)?__EEPROM_REGION_LENGTH__:0x10000
                [0x00000002]                __FUSE_REGION_LENGTH__ = DEFINED (__FUSE_REGION_LENGTH__)?__FUSE_REGION_LENGTH__:0x400
                0x00000400                __LOCK_REGION_LENGTH__ = DEFINED (__LOCK_REGION_LENGTH__)?__LOCK_REGION_LENGTH__:0x400
                0x00000400                __SIGNATURE_REGION_LENGTH__ = DEFINED (__SIGNATURE_REGION_LENGTH__)?__SIGNATURE_REGION_LENGTH__:0x400
                0x00000400                __USER_SIGNATURE_REGION_LENGTH__ = DEFINED (__USER_SIGNATURE_REGION_LENGTH__)?__USER_SIGNATURE_REGION_LENGTH__:0x400

.hash
 *(.hash)

.dynsym
 *(.dynsym)

.dynstr
 *(.dynstr)

.gnu.version
 *(.gnu.version)

.gnu.version_d
 *(.gnu.version_d)

.gnu.version_r
 *(.gnu.version_r)

.rel.init
 *(.rel.init)

.rela.init
 *(.rela.init)

.rel.text
 *(.rel.text)
 *(.rel.text.*)
 *(.rel.gnu.linkonce.t*)

.rela.text
 *(.rela.text)
 *(.rela.text.*)
 *(.rela.gnu.linkonce.t*)

.rel.fini
 *(.rel.fini)

.rela.fini
 *(.rela.fini)

.rel.rodata
 *(.rel.rodata)
 *(.rel.rodata.*)
 *(.rel.gnu.linkonce.r*)

.rela.rodata
 *(.rela.rodata)
 *(.rela.rodata.*)
 *(.rela.gnu.linkonce.r*)

.rel.data
 *(.rel.data)
 *(.rel.data.*)
 *(.rel.gnu.linkonce.d*)

.rela.data
 *(.rela.data)
 *(.rela.data.*)
 *(.rela.gnu.linkonce.d*)

.rel.ctors
 *(.rel.ctors)

.rela.ctors
 *(.rela.ctors)

.rel.dtors
 *(.rel.dtors)

.rela.dtors
 *(.rela.dtors)

.rel.got
 *(.rel.got)

.rela.got
 *(.rela.got)

.rel.bss
 *(.rel.bss)

.rela.bss
 *(.rela.bss)

.rel.plt
 *(.rel.plt)

.rela.plt
 *(.rela.plt)

.text           0x00000000       0x6c
 *(.vectors)
 .vectors       0x00000000       0x54 /opt/microchip/mplabx/v5.25/packs/Microchip/ATmega_DFP/2.0.12/gcc/dev/atmega32a/avr5/memx-const/crtatmega32a.o
                0x00000000                __vectors
                0x00000000                __vector_default
 *(.vectors)
 *(.progmem.gcc*)
 *(.dinit)
 .dinit         0x00000054        0x0 data_init
                0x00000054                . = ALIGN (0x2)
                0x00000054                __trampolines_start = .
 *(.trampolines)
 .trampolines   0x00000054        0x0 linker stubs
 *(.trampolines*)
                0x00000054                __trampolines_end = .
 *libprintf_flt.a:*(.progmem.data)
 *libc.a:*(.progmem.data)
                0x00000054                . = ALIGN (0x2)
 *(.jumptables)
 *(.jumptables*)
 *(.lowtext)
 *(.lowtext*)
                0x00000054                __ctors_start = .
 *(.ctors)
                0x00000054                __ctors_end = .
                0x00000054                __dtors_start = .
 *(.dtors)
                0x00000054                __dtors_end = .
 SORT(*)(.ctors)
 SORT(*)(.dtors)
 *(.init0)
 .init0         0x00000054        0x0 /opt/microchip/mplabx/v5.25/packs/Microchip/ATmega_DFP/2.0.12/gcc/dev/atmega32a/avr5/memx-const/crtatmega32a.o
                0x00000054                __init
 *(.init0)
 *(.init1)
 *(.init1)
 *(.init2)
 .init2         0x00000054        0xc /opt/microchip/mplabx/v5.25/packs/Microchip/ATmega_DFP/2.0.12/gcc/dev/atmega32a/avr5/memx-const/crtatmega32a.o
 *(.init2)
 *(.init3)
 *(.init3)
 *(.init4)
 *(.init4)
 *(.init5)
 *(.init5)
 *(.init6)
 *(.init6)
 *(.init7)
 *(.init7)
 *(.init8)
 *(.init8)
 *(.init9)
 .init9         0x00000060        0x8 /opt/microchip/mplabx/v5.25/packs/Microchip/ATmega_DFP/2.0.12/gcc/dev/atmega32a/avr5/memx-const/crtatmega32a.o
 *(.init9)
                0x00000068                . = ALIGN (0x2)
 *(.fini9)
 .fini9         0x00000068        0x0 /opt/microchip/xc8/v2.10/avr/bin/../lib/gcc/avr/5.4.0/avr5/memx-const/libgcc.a(_exit.o)
                0x00000068                exit
                0x00000068                _exit
 *(.fini9)
 *(.fini8)
 *(.fini8)
 *(.fini7)
 *(.fini7)
 *(.fini6)
 *(.fini6)
 *(.fini5)
 *(.fini5)
 *(.fini4)
 *(.fini4)
 *(.fini3)
 *(.fini3)
 *(.fini2)
 *(.fini2)
 *(.fini1)
 *(.fini1)
 *(.fini0)
 .fini0         0x00000068        0x4 /opt/microchip/xc8/v2.10/avr/bin/../lib/gcc/avr/5.4.0/avr5/memx-const/libgcc.a(_exit.o)
 *(.fini0)
                0x0000006c                _etext = .

.data           0x00800060        0x0 load address 0x0000006c
                [!provide]                PROVIDE (__data_start, .)
 *(.gnu.linkonce.d*)
 *(.gnu.linkonce.r*)
                0x00800060                . = ALIGN (0x2)
                0x00800060                _edata = .
                [!provide]                PROVIDE (__data_end, .)

.bss            0x00800060        0x0
                [!provide]                PROVIDE (__bss_start, .)
 *(COMMON)
                [!provide]                PROVIDE (__bss_end, .)
                0x0000006c                __data_load_start = LOADADDR (.data)
                0x0000006c                __data_load_end = (__data_load_start + SIZEOF (.data))

.noinit         0x00800060        0x0
                [!provide]                PROVIDE (__noinit_start, .)
 *(.noinit*)
                [!provide]                PROVIDE (__noinit_end, .)
                0x00800060                _end = .

.eeprom         0x00810000        0x0
 *(.eeprom*)
                0x00810000                __eeprom_end = .

.fuse
 *(.fuse)
 *(.lfuse)
 *(.hfuse)
 *(.efuse)

.lock
 *(.lock*)

.signature
 *(.signature*)

.user_signatures
 *(.user_signatures*)

.stab
 *(.stab)

.stabstr
 *(.stabstr)

.stab.excl
 *(.stab.excl)

.stab.exclstr
 *(.stab.exclstr)

.stab.index
 *(.stab.index)

.stab.indexstr
 *(.stab.indexstr)

.comment        0x00000000       0x2f
 *(.comment)
 .comment       0x00000000       0x2f build/default/production/main.o
                                 0x30 (size before relaxing)
 .comment       0x0000002f       0x30 build/default/production/mADC.o
 .comment       0x0000002f       0x30 build/default/production/mUART.o

.note.gnu.build-id
 *(.note.gnu.build-id)

.debug
 *(.debug)

.line
 *(.line)

.debug_srcinfo
 *(.debug_srcinfo)

.debug_sfnames
 *(.debug_sfnames)

.debug_aranges  0x00000000       0xd0
 *(.debug_aranges)
 .debug_aranges
                0x00000000       0x20 build/default/production/main.o
 .debug_aranges
                0x00000020       0x68 build/default/production/mADC.o
 .debug_aranges
                0x00000088       0x48 build/default/production/mUART.o

.debug_pubnames
 *(.debug_pubnames)

.debug_info     0x00000000     0x10ca
 *(.debug_info .gnu.linkonce.wi.*)
 .debug_info    0x00000000      0x4e6 /opt/microchip/mplabx/v5.25/packs/Microchip/ATmega_DFP/2.0.12/gcc/dev/atmega32a/avr5/memx-const/crtatmega32a.o
 .debug_info    0x000004e6      0x337 build/default/production/main.o
 .debug_info    0x0000081d      0x410 build/default/production/mADC.o
 .debug_info    0x00000c2d      0x49d build/default/production/mUART.o

.debug_abbrev   0x00000000      0x7c5
 *(.debug_abbrev)
 .debug_abbrev  0x00000000      0x4a3 /opt/microchip/mplabx/v5.25/packs/Microchip/ATmega_DFP/2.0.12/gcc/dev/atmega32a/avr5/memx-const/crtatmega32a.o
 .debug_abbrev  0x000004a3       0xc7 build/default/production/main.o
 .debug_abbrev  0x0000056a       0xc9 build/default/production/mADC.o
 .debug_abbrev  0x00000633      0x192 build/default/production/mUART.o

.debug_line     0x00000000      0x47a
 *(.debug_line .debug_line.* .debug_line_end)
 .debug_line    0x00000000      0x118 /opt/microchip/mplabx/v5.25/packs/Microchip/ATmega_DFP/2.0.12/gcc/dev/atmega32a/avr5/memx-const/crtatmega32a.o
 .debug_line    0x00000118       0x85 build/default/production/main.o
 .debug_line    0x0000019d      0x19d build/default/production/mADC.o
 .debug_line    0x0000033a      0x140 build/default/production/mUART.o

.debug_frame    0x00000000      0x17c
 *(.debug_frame)
 .debug_frame   0x00000000       0x24 build/default/production/main.o
 .debug_frame   0x00000024       0xc8 build/default/production/mADC.o
 .debug_frame   0x000000ec       0x90 build/default/production/mUART.o

.debug_str      0x00000000      0x216
 *(.debug_str)
 .debug_str     0x00000000      0x196 /opt/microchip/mplabx/v5.25/packs/Microchip/ATmega_DFP/2.0.12/gcc/dev/atmega32a/avr5/memx-const/crtatmega32a.o
 .debug_str     0x00000196       0x51 build/default/production/main.o
 .debug_str     0x000001e7       0x18 build/default/production/mADC.o
 .debug_str     0x000001ff       0x17 build/default/production/mUART.o

.debug_loc      0x00000000      0x2be
 *(.debug_loc)
 .debug_loc     0x00000000       0x18 build/default/production/main.o
 .debug_loc     0x00000018      0x166 build/default/production/mADC.o
 .debug_loc     0x0000017e      0x140 build/default/production/mUART.o

.debug_macinfo
 *(.debug_macinfo)

.debug_weaknames
 *(.debug_weaknames)

.debug_funcnames
 *(.debug_funcnames)

.debug_typenames
 *(.debug_typenames)

.debug_varnames
 *(.debug_varnames)

.debug_pubtypes
 *(.debug_pubtypes)

.debug_ranges   0x00000000       0xa0
 *(.debug_ranges)
 .debug_ranges  0x00000000       0x10 build/default/production/main.o
 .debug_ranges  0x00000010       0x58 build/default/production/mADC.o
 .debug_ranges  0x00000068       0x38 build/default/production/mUART.o

.debug_macro
 *(.debug_macro)
OUTPUT(dist/default/production/ALEX20_TASKS.production.elf elf32-avr)
LOAD linker stubs
LOAD data_init

.note.gnu.avr.deviceinfo
                0x00000000       0x3c
 .note.gnu.avr.deviceinfo
                0x00000000       0x3c /opt/microchip/mplabx/v5.25/packs/Microchip/ATmega_DFP/2.0.12/gcc/dev/atmega32a/avr5/memx-const/crtatmega32a.o

.text.avrlibc.fplib
                0x0000006c       0xdc
 .text.avrlibc.fplib
                0x0000006c       0xdc /opt/microchip/xc8/v2.10/avr/bin/../lib/gcc/avr/5.4.0/../../../../avr/lib/avr5/memx-const/libm.a(divsf3x.o)
                0x0000008c                __divsf3x
                0x00000092                __divsf3_pse

.text.avrlibc.fplib
                0x00000148       0xcc
 .text.avrlibc.fplib
                0x00000148       0xcc /opt/microchip/xc8/v2.10/avr/bin/../lib/gcc/avr/5.4.0/../../../../avr/lib/avr5/memx-const/libm.a(addsf3x.o)
                0x0000016a                __addsf3x

.text.avrlibc.fplib
                0x00000214       0x7a
 .text.avrlibc.fplib
                0x00000214       0x7a /opt/microchip/xc8/v2.10/avr/bin/../lib/gcc/avr/5.4.0/../../../../avr/lib/avr5/memx-const/libm.a(floatsisf.o)
                0x00000214                __floatunsisf
                0x00000218                __floatsisf

.text.avrlibc.fplib
                0x0000028e       0x5e
 .text.avrlibc.fplib
                0x0000028e       0x5e /opt/microchip/xc8/v2.10/avr/bin/../lib/gcc/avr/5.4.0/../../../../avr/lib/avr5/memx-const/libm.a(fixunssfsi.o)
                0x0000028e                __fixunssfsi

.text.avrlibc.fplib
                0x000002ec       0x44
 .text.avrlibc.fplib
                0x000002ec       0x44 /opt/microchip/xc8/v2.10/avr/bin/../lib/gcc/avr/5.4.0/../../../../avr/lib/avr5/memx-const/libm.a(fp_split3.o)
                0x000002ec                __fp_split3
                0x000002fc                __fp_splitA

.text.UART_transmit_num
                0x00000330       0x3a
 .text.UART_transmit_num
                0x00000330       0x3a build/default/production/mUART.o
                0x00000330                UART_transmit_num

.text.avrlibc   0x0000036a       0x34
 .text.avrlibc  0x0000036a       0x34 /opt/microchip/xc8/v2.10/avr/bin/../lib/gcc/avr/5.4.0/../../../../avr/lib/avr5/memx-const/libc.a(utoa_ncheck.o)
                0x0000036a                __utoa_ncheck
                0x0000036c                __utoa_common

.text.UART_setBaudRate
                0x0000039e       0x32
 .text.UART_setBaudRate
                0x0000039e       0x32 build/default/production/mUART.o
                0x0000039e                UART_setBaudRate

.text.main      0x000003d0       0x30
 .text.main     0x000003d0       0x30 build/default/production/main.o
                0x000003d0                main

.text.ADC_INIT  0x00000400       0x2a
 .text.ADC_INIT
                0x00000400       0x2a build/default/production/mADC.o
                0x00000400                ADC_INIT

.text.ADC_selectVref
                0x0000042a       0x22
 .text.ADC_selectVref
                0x0000042a       0x22 build/default/production/mADC.o
                0x0000042a                ADC_selectVref

.text.avrlibc.fplib
                0x0000044c       0x22
 .text.avrlibc.fplib
                0x0000044c       0x22 /opt/microchip/xc8/v2.10/avr/bin/../lib/gcc/avr/5.4.0/../../../../avr/lib/avr5/memx-const/libm.a(fp_round.o)
                0x0000044c                __fp_round

.text.avrlibc   0x0000046e       0x20
 .text.avrlibc  0x0000046e       0x20 /opt/microchip/xc8/v2.10/avr/bin/../lib/gcc/avr/5.4.0/../../../../avr/lib/avr5/memx-const/libc.a(strrev.o)
                0x0000046e                strrev

.text.UART_transmit_str
                0x0000048e       0x1e
 .text.UART_transmit_str
                0x0000048e       0x1e build/default/production/mUART.o
                0x0000048e                UART_transmit_str

.text.avrlibc   0x000004ac       0x16
 .text.avrlibc  0x000004ac       0x16 /opt/microchip/xc8/v2.10/avr/bin/../lib/gcc/avr/5.4.0/../../../../avr/lib/avr5/memx-const/libc.a(itoa_ncheck.o)
                0x000004ac                __itoa_ncheck

.text.ADC_selectChannel
                0x000004c2        0xe
 .text.ADC_selectChannel
                0x000004c2        0xe build/default/production/mADC.o
                0x000004c2                ADC_selectChannel

.text.ADC_selectPrescalar
                0x000004d0        0xe
 .text.ADC_selectPrescalar
                0x000004d0        0xe build/default/production/mADC.o
                0x000004d0                ADC_selectPrescalar

.text.avrlibc.fplib
                0x000004de        0xe
 .text.avrlibc.fplib
                0x000004de        0xe /opt/microchip/xc8/v2.10/avr/bin/../lib/gcc/avr/5.4.0/../../../../avr/lib/avr5/memx-const/libm.a(addsf3.o)
                0x000004de                __subsf3
                0x000004e0                __addsf3

.text.avrlibc.fplib
                0x000004ec        0xe
 .text.avrlibc.fplib
                0x000004ec        0xe /opt/microchip/xc8/v2.10/avr/bin/../lib/gcc/avr/5.4.0/../../../../avr/lib/avr5/memx-const/libm.a(fixsfsi.o)
                0x000004ec                __fixsfsi

.text.avrlibc.fplib
                0x000004fa        0xe
 .text.avrlibc.fplib
                0x000004fa        0xe /opt/microchip/xc8/v2.10/avr/bin/../lib/gcc/avr/5.4.0/../../../../avr/lib/avr5/memx-const/libm.a(fp_pscA.o)
                0x000004fa                __fp_pscA

.text.avrlibc.fplib
                0x00000508        0xe
 .text.avrlibc.fplib
                0x00000508        0xe /opt/microchip/xc8/v2.10/avr/bin/../lib/gcc/avr/5.4.0/../../../../avr/lib/avr5/memx-const/libm.a(fp_pscB.o)
                0x00000508                __fp_pscB

.text.avrlibc.fplib
                0x00000516        0xe
 .text.avrlibc.fplib
                0x00000516        0xe /opt/microchip/xc8/v2.10/avr/bin/../lib/gcc/avr/5.4.0/../../../../avr/lib/avr5/memx-const/libm.a(fp_zero.o)
                0x00000516                __fp_zero
                0x00000518                __fp_szero

.text.UART_init
                0x00000524        0xc
 .text.UART_init
                0x00000524        0xc build/default/production/mUART.o
                0x00000524                UART_init

.text.avrlibc.fplib
                0x00000530        0xc
 .text.avrlibc.fplib
                0x00000530        0xc /opt/microchip/xc8/v2.10/avr/bin/../lib/gcc/avr/5.4.0/../../../../avr/lib/avr5/memx-const/libm.a(fp_inf.o)
                0x00000530                __fp_inf

.text.ADC_READ_R
                0x0000053c        0xa
 .text.ADC_READ_R
                0x0000053c        0xa build/default/production/mADC.o
                0x0000053c                ADC_READ_R

.text.UART_transmit
                0x00000546        0x8
 .text.UART_transmit
                0x00000546        0x8 build/default/production/mUART.o
                0x00000546                UART_transmit

.text.avrlibc.fplib
                0x0000054e        0x8
 .text.avrlibc.fplib
                0x0000054e        0x8 /opt/microchip/xc8/v2.10/avr/bin/../lib/gcc/avr/5.4.0/../../../../avr/lib/avr5/memx-const/libm.a(divsf3.o)
                0x0000054e                __divsf3

.text.ADC_WAIT  0x00000556        0x6
 .text.ADC_WAIT
                0x00000556        0x6 build/default/production/mADC.o
                0x00000556                ADC_WAIT

.text.avrlibc.fplib
                0x0000055c        0x6
 .text.avrlibc.fplib
                0x0000055c        0x6 /opt/microchip/xc8/v2.10/avr/bin/../lib/gcc/avr/5.4.0/../../../../avr/lib/avr5/memx-const/libm.a(fp_nan.o)
                0x0000055c                __fp_nan

.text           0x00000562        0x4
 .text          0x00000562        0x4 /opt/microchip/mplabx/v5.25/packs/Microchip/ATmega_DFP/2.0.12/gcc/dev/atmega32a/avr5/memx-const/crtatmega32a.o
                0x00000562                __vector_1
                0x00000562                __vector_12
                0x00000562                __bad_interrupt
                0x00000562                __vector_6
                0x00000562                __vector_3
                0x00000562                __vector_11
                0x00000562                __vector_13
                0x00000562                __vector_17
                0x00000562                __vector_19
                0x00000562                __vector_7
                0x00000562                __vector_5
                0x00000562                __vector_4
                0x00000562                __vector_9
                0x00000562                __vector_2
                0x00000562                __vector_15
                0x00000562                __vector_8
                0x00000562                __vector_14
                0x00000562                __vector_10
                0x00000562                __vector_16
                0x00000562                __vector_18
                0x00000562                __vector_20

.text.ADC_ENABLE
                0x00000566        0x4
 .text.ADC_ENABLE
                0x00000566        0x4 build/default/production/mADC.o
                0x00000566                ADC_ENABLE

.text.ADC_START
                0x0000056a        0x4
 .text.ADC_START
                0x0000056a        0x4 build/default/production/mADC.o
                0x0000056a                ADC_START
